Command line invocation:
    /Applications/Xcode.app/Contents/Developer/usr/bin/xcodebuild build -scheme Ultimate

--- xcodebuild: WARNING: Using the first of multiple matching destinations:
{ platform:macOS, arch:arm64, variant:Designed for [iPad,iPhone], id:00006040-000A410134A0801C, name:My Mac }
{ platform:iOS, id:dvtdevice-DVTiPhonePlaceholder-iphoneos:placeholder, name:Any iOS Device }
{ platform:iOS Simulator, id:dvtdevice-DVTiOSDeviceSimulatorPlaceholder-iphonesimulator:placeholder, name:Any iOS Simulator Device }
{ platform:iOS Simulator, arch:arm64, id:A7549481-D9E3-49A4-93E2-6D0C76B7A990, OS:18.4, name:iPad (A16) }
{ platform:iOS Simulator, arch:x86_64, id:A7549481-D9E3-49A4-93E2-6D0C76B7A990, OS:18.4, name:iPad (A16) }
{ platform:iOS Simulator, arch:arm64, id:14906D89-D8F8-46B3-8874-32295CAFE1A7, OS:18.4, name:iPad Air 11-inch (M3) }
{ platform:iOS Simulator, arch:x86_64, id:14906D89-D8F8-46B3-8874-32295CAFE1A7, OS:18.4, name:iPad Air 11-inch (M3) }
{ platform:iOS Simulator, arch:arm64, id:D6041FBF-67B4-4941-A140-D878920E409C, OS:18.4, name:iPad Air 13-inch (M3) }
{ platform:iOS Simulator, arch:x86_64, id:D6041FBF-67B4-4941-A140-D878920E409C, OS:18.4, name:iPad Air 13-inch (M3) }
{ platform:iOS Simulator, arch:arm64, id:2C6C6994-EFAF-4EB2-97D9-D78AA2CA94CE, OS:18.4, name:iPad Pro 11-inch (M4) }
{ platform:iOS Simulator, arch:x86_64, id:2C6C6994-EFAF-4EB2-97D9-D78AA2CA94CE, OS:18.4, name:iPad Pro 11-inch (M4) }
{ platform:iOS Simulator, arch:arm64, id:0C25D1D0-6A5D-47FF-8F43-88333E46B9D7, OS:18.4, name:iPad Pro 13-inch (M4) }
{ platform:iOS Simulator, arch:x86_64, id:0C25D1D0-6A5D-47FF-8F43-88333E46B9D7, OS:18.4, name:iPad Pro 13-inch (M4) }
{ platform:iOS Simulator, arch:arm64, id:780A2D7C-691D-4578-9AE1-FC52609C3D48, OS:18.4, name:iPad mini (A17 Pro) }
{ platform:iOS Simulator, arch:x86_64, id:780A2D7C-691D-4578-9AE1-FC52609C3D48, OS:18.4, name:iPad mini (A17 Pro) }
{ platform:iOS Simulator, arch:arm64, id:A5DB76E2-E353-47E4-886A-139B04195FA5, OS:18.4, name:iPhone 16 }
{ platform:iOS Simulator, arch:x86_64, id:A5DB76E2-E353-47E4-886A-139B04195FA5, OS:18.4, name:iPhone 16 }
{ platform:iOS Simulator, arch:arm64, id:12C4A879-7012-41E8-8D6E-2CC7EBCE8849, OS:18.4, name:iPhone 16 Plus }
{ platform:iOS Simulator, arch:x86_64, id:12C4A879-7012-41E8-8D6E-2CC7EBCE8849, OS:18.4, name:iPhone 16 Plus }
{ platform:iOS Simulator, arch:arm64, id:0D82D322-E8E0-4FB0-859E-3BAAC32D9A8A, OS:18.4, name:iPhone 16 Pro }
{ platform:iOS Simulator, arch:x86_64, id:0D82D322-E8E0-4FB0-859E-3BAAC32D9A8A, OS:18.4, name:iPhone 16 Pro }
{ platform:iOS Simulator, arch:arm64, id:4A23BABA-E69B-46A5-89E8-FAC780D9DD64, OS:18.4, name:iPhone 16 Pro Max }
{ platform:iOS Simulator, arch:x86_64, id:4A23BABA-E69B-46A5-89E8-FAC780D9DD64, OS:18.4, name:iPhone 16 Pro Max }
{ platform:iOS Simulator, arch:arm64, id:50F14C77-F107-4F75-822F-9A1EEED41542, OS:18.4, name:iPhone 16e }
{ platform:iOS Simulator, arch:x86_64, id:50F14C77-F107-4F75-822F-9A1EEED41542, OS:18.4, name:iPhone 16e }
{ platform:iOS, arch:arm64, id:00008120-000871890200C01E, name:Sanchay’s iPhone 14 Pro Max }
ComputePackagePrebuildTargetDependencyGraph

Prepare packages

CreateBuildRequest

SendProjectDescription

CreateBuildOperation

ComputeTargetDependencyGraph
note: Building targets in dependency order
note: Target dependency graph (1 target)
    Target 'Ultimate' in project 'Ultimate' (no dependencies)

GatherProvisioningInputs

CreateBuildDescription

ExecuteExternalTool /Applications/Xcode.app/Contents/Developer/Toolchains/XcodeDefault.xctoolchain/usr/bin/clang -v -E -dM -isysroot /Applications/Xcode.app/Contents/Developer/Platforms/iPhoneOS.platform/Developer/SDKs/iPhoneOS18.4.sdk -x c -c /dev/null

ExecuteExternalTool /Applications/Xcode.app/Contents/Developer/usr/bin/ibtool --version --output-format xml1

ExecuteExternalTool /Applications/Xcode.app/Contents/Developer/usr/bin/actool --print-asset-tag-combinations --output-format xml1 /Users/sanchaygumber/Documents/Ultimate/Ultimate/Preview Content/Preview Assets.xcassets /Users/sanchaygumber/Documents/Ultimate/Ultimate/Assets.xcassets

ExecuteExternalTool /Applications/Xcode.app/Contents/Developer/usr/bin/actool --version --output-format xml1

ExecuteExternalTool /Applications/Xcode.app/Contents/Developer/Toolchains/XcodeDefault.xctoolchain/usr/bin/swiftc --version

ExecuteExternalTool /Applications/Xcode.app/Contents/Developer/Toolchains/XcodeDefault.xctoolchain/usr/bin/ld -version_details

Build description signature: 2f92f0146ddb3c30925c8fc977bea972
Build description path: /Users/sanchaygumber/Library/Developer/Xcode/DerivedData/Ultimate-glwoktuhejelnweiefjrsbhqyhiu/Build/Intermediates.noindex/XCBuildData/2f92f0146ddb3c30925c8fc977bea972.xcbuilddata
/Users/sanchaygumber/Documents/Ultimate/Ultimate.xcodeproj: error: Provisioning profile "iOS Team Provisioning Profile: SaGu.Ultimate" doesn't include the currently selected device "Sanchay’s MacBook Pro (2)" (identifier 00006040-000A410134A0801C). (in target 'Ultimate' from project 'Ultimate')
** BUILD FAILED **


The following build commands failed:
	Building project Ultimate with scheme Ultimate
(1 failure)
